Loading checkpoint shards:   0%|          | 0/3 [00:00<?, ?it/s]Loading checkpoint shards:  33%|███▎      | 1/3 [00:03<00:06,  3.04s/it]Loading checkpoint shards:  67%|██████▋   | 2/3 [00:06<00:03,  3.10s/it]Loading checkpoint shards: 100%|██████████| 3/3 [00:08<00:00,  2.70s/it]Loading checkpoint shards: 100%|██████████| 3/3 [00:08<00:00,  2.80s/it]
Loading checkpoint shards:   0%|          | 0/3 [00:00<?, ?it/s]Loading checkpoint shards:  33%|███▎      | 1/3 [00:04<00:08,  4.24s/it]Loading checkpoint shards:  67%|██████▋   | 2/3 [00:07<00:03,  3.84s/it]Loading checkpoint shards: 100%|██████████| 3/3 [00:10<00:00,  3.13s/it]Loading checkpoint shards: 100%|██████████| 3/3 [00:10<00:00,  3.36s/it]
Traceback (most recent call last):
  File "/juice6/u/jshe/nlp/LM_neural_synchrony/logit_lens_false_belief.py", line 928, in <module>
    main()
  File "/juice6/u/jshe/nlp/LM_neural_synchrony/logit_lens_false_belief.py", line 777, in main
    tok2, mdl2 = load_mistral(args.model_2, args.device, cache_dir=hf_cache)
  File "/juice6/u/jshe/nlp/LM_neural_synchrony/logit_lens_false_belief.py", line 91, in load_mistral
    model.to(device).eval()
  File "/nlp/scr/jshe/miniconda3/envs/neural_sync/lib/python3.10/site-packages/transformers/modeling_utils.py", line 3157, in to
    return super().to(*args, **kwargs)
  File "/nlp/scr/jshe/miniconda3/envs/neural_sync/lib/python3.10/site-packages/torch/nn/modules/module.py", line 1384, in to
    return self._apply(convert)
  File "/nlp/scr/jshe/miniconda3/envs/neural_sync/lib/python3.10/site-packages/torch/nn/modules/module.py", line 934, in _apply
    module._apply(fn)
  File "/nlp/scr/jshe/miniconda3/envs/neural_sync/lib/python3.10/site-packages/torch/nn/modules/module.py", line 934, in _apply
    module._apply(fn)
  File "/nlp/scr/jshe/miniconda3/envs/neural_sync/lib/python3.10/site-packages/torch/nn/modules/module.py", line 934, in _apply
    module._apply(fn)
  [Previous line repeated 2 more times]
  File "/nlp/scr/jshe/miniconda3/envs/neural_sync/lib/python3.10/site-packages/torch/nn/modules/module.py", line 965, in _apply
    param_applied = fn(param)
  File "/nlp/scr/jshe/miniconda3/envs/neural_sync/lib/python3.10/site-packages/torch/nn/modules/module.py", line 1370, in convert
    return t.to(
torch.OutOfMemoryError: CUDA out of memory. Tried to allocate 32.00 MiB. GPU 0 has a total capacity of 39.49 GiB of which 31.00 MiB is free. Process 2824677 has 24.65 GiB memory in use. Including non-PyTorch memory, this process has 14.80 GiB memory in use. Of the allocated memory 14.19 GiB is allocated by PyTorch, and 133.46 MiB is reserved by PyTorch but unallocated. If reserved but unallocated memory is large try setting PYTORCH_CUDA_ALLOC_CONF=expandable_segments:True to avoid fragmentation.  See documentation for Memory Management  (https://docs.pytorch.org/docs/stable/notes/cuda.html#optimizing-memory-usage-with-pytorch-cuda-alloc-conf)
