Downloading shards:   0%|          | 0/3 [00:00<?, ?it/s]Downloading shards:  33%|███▎      | 1/3 [10:16<20:32, 616.04s/it]Downloading shards:  33%|███▎      | 1/3 [36:11<1:12:23, 2171.87s/it]
Traceback (most recent call last):
  File "/juice6/u/jshe/nlp/LM_neural_synchrony/logit_lens_mistral.py", line 678, in <module>
    main()
  File "/juice6/u/jshe/nlp/LM_neural_synchrony/logit_lens_mistral.py", line 555, in main
    tok1, mdl1 = load_mistral(args.model_1, args.device)
  File "/juice6/u/jshe/nlp/LM_neural_synchrony/logit_lens_mistral.py", line 80, in load_mistral
    model = AutoModelForCausalLM.from_pretrained(
  File "/nlp/scr/jshe/miniconda3/envs/neural_sync/lib/python3.10/site-packages/transformers/models/auto/auto_factory.py", line 564, in from_pretrained
    return model_class.from_pretrained(
  File "/nlp/scr/jshe/miniconda3/envs/neural_sync/lib/python3.10/site-packages/transformers/modeling_utils.py", line 3974, in from_pretrained
    resolved_archive_file, sharded_metadata = get_checkpoint_shard_files(
  File "/nlp/scr/jshe/miniconda3/envs/neural_sync/lib/python3.10/site-packages/transformers/utils/hub.py", line 1098, in get_checkpoint_shard_files
    cached_filename = cached_file(
  File "/nlp/scr/jshe/miniconda3/envs/neural_sync/lib/python3.10/site-packages/transformers/utils/hub.py", line 403, in cached_file
    resolved_file = hf_hub_download(
  File "/nlp/scr/jshe/miniconda3/envs/neural_sync/lib/python3.10/site-packages/huggingface_hub/utils/_validators.py", line 114, in _inner_fn
    return fn(*args, **kwargs)
  File "/nlp/scr/jshe/miniconda3/envs/neural_sync/lib/python3.10/site-packages/huggingface_hub/file_download.py", line 1014, in hf_hub_download
    return _hf_hub_download_to_cache_dir(
  File "/nlp/scr/jshe/miniconda3/envs/neural_sync/lib/python3.10/site-packages/huggingface_hub/file_download.py", line 1175, in _hf_hub_download_to_cache_dir
    _download_to_tmp_and_move(
  File "/nlp/scr/jshe/miniconda3/envs/neural_sync/lib/python3.10/site-packages/huggingface_hub/file_download.py", line 1727, in _download_to_tmp_and_move
    xet_get(
  File "/nlp/scr/jshe/miniconda3/envs/neural_sync/lib/python3.10/site-packages/huggingface_hub/file_download.py", line 633, in xet_get
    download_files(
RuntimeError: Data processing error: File reconstruction error: Internal Writer Error: Background writer channel closed
Fatal Python error: PyThreadState_Get: the function must be called with the GIL held, but the GIL is released (the current Python thread state is NULL)
Python runtime state: core initialized

Current thread 0x000013815db9e740 (most recent call first):
  Garbage-collecting
  <no Python frame>

Extension modules: numpy._core._multiarray_umath, numpy.linalg._umath_linalg, PIL._imaging, kiwisolver._cext, torch._C, torch._C._dynamo.autograd_compiler, torch._C._dynamo.eval_frame, torch._C._dynamo.guards, torch._C._dynamo.utils, torch._C._fft, torch._C._linalg, torch._C._nested, torch._C._nn, torch._C._sparse, torch._C._special, charset_normalizer.md, charset_normalizer.cd, requests.packages.charset_normalizer.md, requests.packages.chardet.md, requests.packages.charset_normalizer.cd, requests.packages.chardet.cd, yaml._yaml, markupsafe._speedups, sentencepiece._sentencepiece, google._upb._message, PIL._imagingft, numpy.random._common, numpy.random.bit_generator, numpy.random._bounded_integers, numpy.random._mt19937, numpy.random.mtrand, numpy.random._philox, numpy.random._pcg64, numpy.random._sfc64, numpy.random._generator, scipy._lib._ccallback_c, scipy.linalg._fblas, scipy.linalg._flapack, scipy.linalg.cython_lapack, scipy.linalg._cythonized_array_utils, scipy.linalg._solve_toeplitz, scipy.linalg._decomp_lu_cython, scipy.linalg._matfuncs_sqrtm_triu, scipy.linalg._matfuncs_expm, scipy.linalg._linalg_pythran, scipy.linalg.cython_blas, scipy.linalg._decomp_update, scipy.sparse._sparsetools, _csparsetools, scipy.sparse._csparsetools, scipy.sparse.linalg._dsolve._superlu, scipy.sparse.linalg._eigen.arpack._arpack, scipy.sparse.linalg._propack._spropack, scipy.sparse.linalg._propack._dpropack, scipy.sparse.linalg._propack._cpropack, scipy.sparse.linalg._propack._zpropack, scipy.sparse.csgraph._tools, scipy.sparse.csgraph._shortest_path, scipy.sparse.csgraph._traversal, scipy.sparse.csgraph._min_spanning_tree, scipy.sparse.csgraph._flow, scipy.sparse.csgraph._matching, scipy.sparse.csgraph._reordering, scipy.optimize._group_columns, scipy._lib.messagestream, scipy.optimize._trlib._trlib, scipy.optimize._lbfgsb, _moduleTNC, scipy.optimize._moduleTNC, scipy.optimize._cobyla, scipy.optimize._slsqp, scipy.optimize._minpack, scipy.optimize._lsq.givens_elimination, scipy.optimize._zeros, scipy.optimize._cython_nnls, scipy._lib._uarray._uarray, scipy.special._ufuncs_cxx, scipy.special._ufuncs, scipy.special._specfun, scipy.special._comb, scipy.special._ellip_harm_2, scipy.linalg._decomp_interpolative, scipy.optimize._bglu_dense, scipy.optimize._lsap, scipy.spatial._ckdtree, scipy.spatial._qhull, scipy.spatial._voronoi, scipy.spatial._distance_wrap, scipy.spatial._hausdorff, scipy.spatial.transform._rotation, scipy.optimize._direct (total: 91)
/var/lib/slurm/slurmd/job15128138/slurm_script: line 48: 1668874 Aborted                 (core dumped) python logit_lens_mistral.py --model_1 "${M1}" --model_2 "${M2}" --episode 6 --seed 0 --temp 0.7
