Loading checkpoint shards:   0%|          | 0/3 [00:00<?, ?it/s]Loading checkpoint shards:  33%|███▎      | 1/3 [00:02<00:04,  2.13s/it]Loading checkpoint shards:  67%|██████▋   | 2/3 [00:04<00:02,  2.25s/it]Loading checkpoint shards: 100%|██████████| 3/3 [00:06<00:00,  2.27s/it]Loading checkpoint shards: 100%|██████████| 3/3 [00:06<00:00,  2.26s/it]
Traceback (most recent call last):
  File "/juice6/u/jshe/nlp/LM_neural_synchrony/logit_lens_false_belief.py", line 928, in <module>
    main()
  File "/juice6/u/jshe/nlp/LM_neural_synchrony/logit_lens_false_belief.py", line 772, in main
    tok1, mdl1 = load_mistral(args.model_1, args.device, cache_dir=hf_cache)
  File "/juice6/u/jshe/nlp/LM_neural_synchrony/logit_lens_false_belief.py", line 91, in load_mistral
    model.to(device).eval()
  File "/nlp/scr/jshe/miniconda3/envs/neural_sync/lib/python3.10/site-packages/transformers/modeling_utils.py", line 3157, in to
    return super().to(*args, **kwargs)
  File "/nlp/scr/jshe/miniconda3/envs/neural_sync/lib/python3.10/site-packages/torch/nn/modules/module.py", line 1384, in to
    return self._apply(convert)
  File "/nlp/scr/jshe/miniconda3/envs/neural_sync/lib/python3.10/site-packages/torch/nn/modules/module.py", line 934, in _apply
    module._apply(fn)
  File "/nlp/scr/jshe/miniconda3/envs/neural_sync/lib/python3.10/site-packages/torch/nn/modules/module.py", line 934, in _apply
    module._apply(fn)
  File "/nlp/scr/jshe/miniconda3/envs/neural_sync/lib/python3.10/site-packages/torch/nn/modules/module.py", line 934, in _apply
    module._apply(fn)
  [Previous line repeated 2 more times]
  File "/nlp/scr/jshe/miniconda3/envs/neural_sync/lib/python3.10/site-packages/torch/nn/modules/module.py", line 965, in _apply
    param_applied = fn(param)
  File "/nlp/scr/jshe/miniconda3/envs/neural_sync/lib/python3.10/site-packages/torch/nn/modules/module.py", line 1370, in convert
    return t.to(
torch.OutOfMemoryError: CUDA out of memory. Tried to allocate 32.00 MiB. GPU 0 has a total capacity of 39.49 GiB of which 3.00 MiB is free. Process 2812339 has 30.57 GiB memory in use. Including non-PyTorch memory, this process has 8.91 GiB memory in use. Of the allocated memory 8.42 GiB is allocated by PyTorch, and 85.68 MiB is reserved by PyTorch but unallocated. If reserved but unallocated memory is large try setting PYTORCH_CUDA_ALLOC_CONF=expandable_segments:True to avoid fragmentation.  See documentation for Memory Management  (https://docs.pytorch.org/docs/stable/notes/cuda.html#optimizing-memory-usage-with-pytorch-cuda-alloc-conf)
