Traceback (most recent call last):
  File "/juice6/u/jshe/nlp/LM_neural_synchrony/sample_normal_agent.py", line 3, in <module>
    from sot_env import SotopiaEnv
  File "/juice6/u/jshe/nlp/LM_neural_synchrony/sot_env.py", line 3, in <module>
    from LM_hf import *
ModuleNotFoundError: No module named 'LM_hf'
Traceback (most recent call last):
  File "/juice6/u/jshe/nlp/LM_neural_synchrony/sample_normal_agent.py", line 3, in <module>
    from sot_env import SotopiaEnv
  File "/juice6/u/jshe/nlp/LM_neural_synchrony/sot_env.py", line 3, in <module>
    from LM_hf import *
ModuleNotFoundError: No module named 'LM_hf'
Traceback (most recent call last):
  File "/juice6/u/jshe/nlp/LM_neural_synchrony/sample_normal_agent.py", line 3, in <module>
    from sot_env import SotopiaEnv
  File "/juice6/u/jshe/nlp/LM_neural_synchrony/sot_env.py", line 3, in <module>
    from LM_hf import *
ModuleNotFoundError: No module named 'LM_hf'
Traceback (most recent call last):
  File "/juice6/u/jshe/nlp/LM_neural_synchrony/sample_normal_agent.py", line 3, in <module>
    from sot_env import SotopiaEnv
  File "/juice6/u/jshe/nlp/LM_neural_synchrony/sot_env.py", line 3, in <module>
    from LM_hf import *
ModuleNotFoundError: No module named 'LM_hf'
Traceback (most recent call last):
  File "/juice6/u/jshe/nlp/LM_neural_synchrony/sample_normal_agent.py", line 3, in <module>
    from sot_env import SotopiaEnv
  File "/juice6/u/jshe/nlp/LM_neural_synchrony/sot_env.py", line 3, in <module>
    from LM_hf import *
ModuleNotFoundError: No module named 'LM_hf'
Traceback (most recent call last):
  File "/juice6/u/jshe/nlp/LM_neural_synchrony/sample_normal_agent.py", line 3, in <module>
    from sot_env import SotopiaEnv
  File "/juice6/u/jshe/nlp/LM_neural_synchrony/sot_env.py", line 3, in <module>
    from LM_hf import *
ModuleNotFoundError: No module named 'LM_hf'
Traceback (most recent call last):
  File "/juice6/u/jshe/nlp/LM_neural_synchrony/sample_normal_agent.py", line 3, in <module>
    from sot_env import SotopiaEnv
  File "/juice6/u/jshe/nlp/LM_neural_synchrony/sot_env.py", line 3, in <module>
    from LM_hf import *
ModuleNotFoundError: No module named 'LM_hf'
Traceback (most recent call last):
  File "/juice6/u/jshe/nlp/LM_neural_synchrony/sample_normal_agent.py", line 3, in <module>
    from sot_env import SotopiaEnv
  File "/juice6/u/jshe/nlp/LM_neural_synchrony/sot_env.py", line 3, in <module>
    from LM_hf import *
ModuleNotFoundError: No module named 'LM_hf'
Traceback (most recent call last):
  File "/juice6/u/jshe/nlp/LM_neural_synchrony/sample_normal_agent.py", line 3, in <module>
    from sot_env import SotopiaEnv
  File "/juice6/u/jshe/nlp/LM_neural_synchrony/sot_env.py", line 3, in <module>
    from LM_hf import *
ModuleNotFoundError: No module named 'LM_hf'
