Traceback (most recent call last):
  File "/juice6/u/jshe/nlp/LM_neural_synchrony/sample_normal_agent.py", line 48, in <module>
    env = SotopiaEnv(model_1_name=model_1_name,
  File "/juice6/u/jshe/nlp/LM_neural_synchrony/sot_env.py", line 57, in __init__
    with open(MODEL_PATHS_JSON, "r") as f:
FileNotFoundError: [Errno 2] No such file or directory: '/juice6/u/jshe/nlp/LM_neural_synchrony/model_paths.json'
Traceback (most recent call last):
  File "/juice6/u/jshe/nlp/LM_neural_synchrony/sample_normal_agent.py", line 48, in <module>
    env = SotopiaEnv(model_1_name=model_1_name,
  File "/juice6/u/jshe/nlp/LM_neural_synchrony/sot_env.py", line 57, in __init__
    with open(MODEL_PATHS_JSON, "r") as f:
FileNotFoundError: [Errno 2] No such file or directory: '/juice6/u/jshe/nlp/LM_neural_synchrony/model_paths.json'
Traceback (most recent call last):
  File "/juice6/u/jshe/nlp/LM_neural_synchrony/sample_normal_agent.py", line 48, in <module>
    env = SotopiaEnv(model_1_name=model_1_name,
  File "/juice6/u/jshe/nlp/LM_neural_synchrony/sot_env.py", line 57, in __init__
    with open(MODEL_PATHS_JSON, "r") as f:
FileNotFoundError: [Errno 2] No such file or directory: '/juice6/u/jshe/nlp/LM_neural_synchrony/model_paths.json'
Traceback (most recent call last):
  File "/juice6/u/jshe/nlp/LM_neural_synchrony/sample_normal_agent.py", line 48, in <module>
    env = SotopiaEnv(model_1_name=model_1_name,
  File "/juice6/u/jshe/nlp/LM_neural_synchrony/sot_env.py", line 57, in __init__
    with open(MODEL_PATHS_JSON, "r") as f:
FileNotFoundError: [Errno 2] No such file or directory: '/juice6/u/jshe/nlp/LM_neural_synchrony/model_paths.json'
Traceback (most recent call last):
  File "/juice6/u/jshe/nlp/LM_neural_synchrony/sample_normal_agent.py", line 48, in <module>
    env = SotopiaEnv(model_1_name=model_1_name,
  File "/juice6/u/jshe/nlp/LM_neural_synchrony/sot_env.py", line 57, in __init__
    with open(MODEL_PATHS_JSON, "r") as f:
FileNotFoundError: [Errno 2] No such file or directory: '/juice6/u/jshe/nlp/LM_neural_synchrony/model_paths.json'
Traceback (most recent call last):
  File "/juice6/u/jshe/nlp/LM_neural_synchrony/sample_normal_agent.py", line 48, in <module>
    env = SotopiaEnv(model_1_name=model_1_name,
  File "/juice6/u/jshe/nlp/LM_neural_synchrony/sot_env.py", line 57, in __init__
    with open(MODEL_PATHS_JSON, "r") as f:
FileNotFoundError: [Errno 2] No such file or directory: '/juice6/u/jshe/nlp/LM_neural_synchrony/model_paths.json'
Traceback (most recent call last):
  File "/juice6/u/jshe/nlp/LM_neural_synchrony/sample_normal_agent.py", line 48, in <module>
    env = SotopiaEnv(model_1_name=model_1_name,
  File "/juice6/u/jshe/nlp/LM_neural_synchrony/sot_env.py", line 57, in __init__
    with open(MODEL_PATHS_JSON, "r") as f:
FileNotFoundError: [Errno 2] No such file or directory: '/juice6/u/jshe/nlp/LM_neural_synchrony/model_paths.json'
Traceback (most recent call last):
  File "/juice6/u/jshe/nlp/LM_neural_synchrony/sample_normal_agent.py", line 48, in <module>
    env = SotopiaEnv(model_1_name=model_1_name,
  File "/juice6/u/jshe/nlp/LM_neural_synchrony/sot_env.py", line 57, in __init__
    with open(MODEL_PATHS_JSON, "r") as f:
FileNotFoundError: [Errno 2] No such file or directory: '/juice6/u/jshe/nlp/LM_neural_synchrony/model_paths.json'
Traceback (most recent call last):
  File "/juice6/u/jshe/nlp/LM_neural_synchrony/sample_normal_agent.py", line 48, in <module>
    env = SotopiaEnv(model_1_name=model_1_name,
  File "/juice6/u/jshe/nlp/LM_neural_synchrony/sot_env.py", line 57, in __init__
    with open(MODEL_PATHS_JSON, "r") as f:
FileNotFoundError: [Errno 2] No such file or directory: '/juice6/u/jshe/nlp/LM_neural_synchrony/model_paths.json'
